// Jest Snapshot v1, https://goo.gl/fbAQLP

exports[`renders correctly 1`] = `
<DocumentFragment>
  <div>
    <h2
      class="paragraph"
    >
      Walk on keyboard 
    </h2>
  </div>
  <div>
    <div>
      cat cat moo moo lick ears lick paws lay on arms while you're using the keyboard but kitty poochy, run off table persian cat jump eat fish, proudly present butt to human yet climb a tree, wait for a fireman jump to fireman then scratch his face. 
    </div>
  </div>
  <div>
    <h1>
      <span
        style="font-weight: bold; font-style: italic; text-decoration: underline;"
      >
        Pet my belly, you know you want to; seize the hand and shred it! 
      </span>
      snuggles up to shoulders or knees and purrs you to sleep. Pee in the shoe slap kitten brother with paw eat owner's food cats are a queer kind of folk. Proudly present butt to human. Kitty run to human with blood on mouth from frenzied attack on poor innocent mouse, don't i look cute? mark territory destroy house in 5 seconds or chase dog then run away but thinking longingly about tuna brine yet tickle my belly at your own peril i will pester for food when you're in the kitchen even if it's salad . 
      <span
        style="color: rgb(228, 23, 90);"
      >
        Chew iPad power cord kick up litter.
      </span>
    </h1>
  </div>
</DocumentFragment>
`;
